// Jest Snapshot v1, https://goo.gl/fbAQLP

exports[`Header goal:render Header component 1`] = `
Object {
  "asFragment": [Function],
  "baseElement": <body>
    <div>
      <header
        class="header_container"
      >
        <div
          class="header_content"
        >
          <section
            class="header_logo"
          >
            <img
              alt="logo"
              src="logo.png"
            />
            <section
              class="header_info"
            >
              <h1
                class="header_info_title"
              >
                Northern Hermes
              </h1>
              <p
                class="header_info_text"
              >
                only good offers!
              </p>
            </section>
            <section
              class="header_input"
            >
              <section
                class="user_form_container"
              >
                <form
                  class="user_form_content"
                >
                  <input
                    class="user_form_input"
                    name="name"
                    placeholder="Введите имя"
                    type="text"
                  />
                  <button
                    class="user_form_button"
                  >
                    авторизоваться
                  </button>
                </form>
              </section>
            </section>
            <section
              class="header_user_info"
            >
              <p>
                not authorized
              </p>
            </section>
          </section>
        </div>
      </header>
    </div>
  </body>,
  "container": <div>
    <header
      class="header_container"
    >
      <div
        class="header_content"
      >
        <section
          class="header_logo"
        >
          <img
            alt="logo"
            src="logo.png"
          />
          <section
            class="header_info"
          >
            <h1
              class="header_info_title"
            >
              Northern Hermes
            </h1>
            <p
              class="header_info_text"
            >
              only good offers!
            </p>
          </section>
          <section
            class="header_input"
          >
            <section
              class="user_form_container"
            >
              <form
                class="user_form_content"
              >
                <input
                  class="user_form_input"
                  name="name"
                  placeholder="Введите имя"
                  type="text"
                />
                <button
                  class="user_form_button"
                >
                  авторизоваться
                </button>
              </form>
            </section>
          </section>
          <section
            class="header_user_info"
          >
            <p>
              not authorized
            </p>
          </section>
        </section>
      </div>
    </header>
  </div>,
  "debug": [Function],
  "findAllByAltText": [Function],
  "findAllByDisplayValue": [Function],
  "findAllByLabelText": [Function],
  "findAllByPlaceholderText": [Function],
  "findAllByRole": [Function],
  "findAllByTestId": [Function],
  "findAllByText": [Function],
  "findAllByTitle": [Function],
  "findByAltText": [Function],
  "findByDisplayValue": [Function],
  "findByLabelText": [Function],
  "findByPlaceholderText": [Function],
  "findByRole": [Function],
  "findByTestId": [Function],
  "findByText": [Function],
  "findByTitle": [Function],
  "getAllByAltText": [Function],
  "getAllByDisplayValue": [Function],
  "getAllByLabelText": [Function],
  "getAllByPlaceholderText": [Function],
  "getAllByRole": [Function],
  "getAllByTestId": [Function],
  "getAllByText": [Function],
  "getAllByTitle": [Function],
  "getByAltText": [Function],
  "getByDisplayValue": [Function],
  "getByLabelText": [Function],
  "getByPlaceholderText": [Function],
  "getByRole": [Function],
  "getByTestId": [Function],
  "getByText": [Function],
  "getByTitle": [Function],
  "queryAllByAltText": [Function],
  "queryAllByDisplayValue": [Function],
  "queryAllByLabelText": [Function],
  "queryAllByPlaceholderText": [Function],
  "queryAllByRole": [Function],
  "queryAllByTestId": [Function],
  "queryAllByText": [Function],
  "queryAllByTitle": [Function],
  "queryByAltText": [Function],
  "queryByDisplayValue": [Function],
  "queryByLabelText": [Function],
  "queryByPlaceholderText": [Function],
  "queryByRole": [Function],
  "queryByTestId": [Function],
  "queryByText": [Function],
  "queryByTitle": [Function],
  "rerender": [Function],
  "unmount": [Function],
}
`;
